[2026-06-15 19:56:02:562] [ERROR]: 500 - Cannot read properties of undefined (reading 'map') - POST /api/auth/signup - IP: ::ffff:127.0.0.1 
Stack: TypeError: Cannot read properties of undefined (reading 'map')
    at E:\CZ\College Zone\server\middleware\validate.js:13:44
    at Layer.handle [as handle_request] (E:\CZ\College Zone\server\node_modules\express\lib\router\layer.js:95:5)
    at next (E:\CZ\College Zone\server\node_modules\express\lib\router\route.js:149:13)
    at Route.dispatch (E:\CZ\College Zone\server\node_modules\express\lib\router\route.js:119:3)
    at Layer.handle [as handle_request] (E:\CZ\College Zone\server\node_modules\express\lib\router\layer.js:95:5)
    at E:\CZ\College Zone\server\node_modules\express\lib\router\index.js:284:15
    at router.process_params (E:\CZ\College Zone\server\node_modules\express\lib\router\index.js:346:12)
    at next (E:\CZ\College Zone\server\node_modules\express\lib\router\index.js:280:10)
    at router.handle (E:\CZ\College Zone\server\node_modules\express\lib\router\index.js:175:3)
    at router (E:\CZ\College Zone\server\node_modules\express\lib\router\index.js:47:12)
    at Layer.handle [as handle_request] (E:\CZ\College Zone\server\node_modules\express\lib\router\layer.js:95:5)
    at trim_prefix (E:\CZ\College Zone\server\node_modules\express\lib\router\index.js:328:13)
    at E:\CZ\College Zone\server\node_modules\express\lib\router\index.js:286:9
    at router.process_params (E:\CZ\College Zone\server\node_modules\express\lib\router\index.js:346:12)
    at next (E:\CZ\College Zone\server\node_modules\express\lib\router\index.js:280:10)
    at E:\CZ\College Zone\server\node_modules\express-rate-limit\dist\index.mjs:970:7
    at processTicksAndRejections (node:internal/process/task_queues:104:5)
    at E:\CZ\College Zone\server\node_modules\express-rate-limit\dist\index.mjs:825:5
[2026-06-15 19:56:02:562] [ERROR]: 500 - Cannot read properties of undefined (reading 'map') - POST /api/auth/signup - IP: ::ffff:127.0.0.1 
Stack: TypeError: Cannot read properties of undefined (reading 'map')
    at E:\CZ\College Zone\server\middleware\validate.js:13:44
    at Layer.handle [as handle_request] (E:\CZ\College Zone\server\node_modules\express\lib\router\layer.js:95:5)
    at next (E:\CZ\College Zone\server\node_modules\express\lib\router\route.js:149:13)
    at Route.dispatch (E:\CZ\College Zone\server\node_modules\express\lib\router\route.js:119:3)
    at Layer.handle [as handle_request] (E:\CZ\College Zone\server\node_modules\express\lib\router\layer.js:95:5)
    at E:\CZ\College Zone\server\node_modules\express\lib\router\index.js:284:15
    at router.process_params (E:\CZ\College Zone\server\node_modules\express\lib\router\index.js:346:12)
    at next (E:\CZ\College Zone\server\node_modules\express\lib\router\index.js:280:10)
    at router.handle (E:\CZ\College Zone\server\node_modules\express\lib\router\index.js:175:3)
    at router (E:\CZ\College Zone\server\node_modules\express\lib\router\index.js:47:12)
    at Layer.handle [as handle_request] (E:\CZ\College Zone\server\node_modules\express\lib\router\layer.js:95:5)
    at trim_prefix (E:\CZ\College Zone\server\node_modules\express\lib\router\index.js:328:13)
    at E:\CZ\College Zone\server\node_modules\express\lib\router\index.js:286:9
    at router.process_params (E:\CZ\College Zone\server\node_modules\express\lib\router\index.js:346:12)
    at next (E:\CZ\College Zone\server\node_modules\express\lib\router\index.js:280:10)
    at E:\CZ\College Zone\server\node_modules\express-rate-limit\dist\index.mjs:970:7
    at processTicksAndRejections (node:internal/process/task_queues:104:5)
    at E:\CZ\College Zone\server\node_modules\express-rate-limit\dist\index.mjs:825:5
[2026-06-15 20:07:31:731] [ERROR]: 400 - Invalid user data - POST /api/auth/signup - IP: ::ffff:127.0.0.1 
Stack: Error: Invalid user data
    at signup (E:\CZ\College Zone\server\controllers\auth.js:44:13)
    at processTicksAndRejections (node:internal/process/task_queues:104:5)
[2026-06-15 20:07:31:731] [ERROR]: 400 - Invalid user data - POST /api/auth/signup - IP: ::ffff:127.0.0.1 
Stack: Error: Invalid user data
    at signup (E:\CZ\College Zone\server\controllers\auth.js:44:13)
    at processTicksAndRejections (node:internal/process/task_queues:104:5)
